// Vitest Snapshot v1, https://vitest.dev/guide/snapshot.html

exports[`prefer-array-index-of > invalid > // 1
(0, values)
\\u0009// 2
\\u0009./* 3 */findIndex /* 3 */ (
\\u0009\\u0009/* 4 */
\\u0009\\u0009x /* 5 */ => /* 6 */ x /* 7 */ === /* 8 */ "foo" /* 9 */
\\u0009) /* 10 */ 1`] = `
"// 1
(0, values)
	// 2
	./* 3 */indexOf /* 3 */ (
		/* 4 */
		\\"foo\\" /* 9 */
	) /* 10 */"
`;

exports[`prefer-array-index-of > invalid > // 1
(0, values)
\\u0009// 2
\\u0009./* 3 */findLastIndex /* 3 */ (
\\u0009\\u0009/* 4 */
\\u0009\\u0009x /* 5 */ => /* 6 */ x /* 7 */ === /* 8 */ "foo" /* 9 */
\\u0009) /* 10 */ 1`] = `
"// 1
(0, values)
	// 2
	./* 3 */lastIndexOf /* 3 */ (
		/* 4 */
		\\"foo\\" /* 9 */
	) /* 10 */"
`;

exports[`prefer-array-index-of > invalid > foo.findIndex(function (element) {
\\u0009return element === bar.findIndex(x => x === 1);
}); 1`] = `
"foo.findIndex(function (element) {
	return element === bar.indexOf(1);
});"
`;

exports[`prefer-array-index-of > invalid > foo.findIndex(function a(x) {
\\u0009return x === (function (a) {
\\u0009\\u0009return a(this) === arguments[1]
\\u0009}).call(thisObject, anotherFunctionNamedA, secondArgument)
}) 1`] = `
"foo.findIndex(function a(x) {
	return x === (function (a) {
		return a(this) === arguments[1]
	}).call(thisObject, anotherFunctionNamedA, secondArgument)
})"
`;

exports[`prefer-array-index-of > invalid > foo.findLastIndex(function (element) {
\\u0009return element === bar.findLastIndex(x => x === 1);
}); 1`] = `
"foo.findLastIndex(function (element) {
	return element === bar.lastIndexOf(1);
});"
`;

exports[`prefer-array-index-of > invalid > foo.findLastIndex(function a(x) {
\\u0009return x === (function (a) {
\\u0009\\u0009return a(this) === arguments[1]
\\u0009}).call(thisObject, anotherFunctionNamedA, secondArgument)
}) 1`] = `
"foo.findLastIndex(function a(x) {
	return x === (function (a) {
		return a(this) === arguments[1]
	}).call(thisObject, anotherFunctionNamedA, secondArgument)
})"
`;

exports[`prefer-array-index-of > invalid > function fn() {
\\u0009foo.findIndex(x => x === arguments.length)
} 1`] = `
"function fn() {
	foo.indexOf(arguments.length)
}"
`;

exports[`prefer-array-index-of > invalid > function fn() {
\\u0009foo.findIndex(x => x === this[1])
} 1`] = `
"function fn() {
	foo.indexOf(this[1])
}"
`;

exports[`prefer-array-index-of > invalid > function fn() {
\\u0009foo.findLastIndex(x => x === arguments.length)
} 1`] = `
"function fn() {
	foo.lastIndexOf(arguments.length)
}"
`;

exports[`prefer-array-index-of > invalid > function fn() {
\\u0009foo.findLastIndex(x => x === this[1])
} 1`] = `
"function fn() {
	foo.lastIndexOf(this[1])
}"
`;

exports[`prefer-array-index-of > invalid > function foo() {
\\u0009return (bar as string).findIndex(x => x === "foo");
} 1`] = `
"function foo() {
	return (bar as string).indexOf(\\"foo\\");
}"
`;

exports[`prefer-array-index-of > invalid > function foo() {
\\u0009return (bar as string).findLastIndex(x => x === "foo");
} 1`] = `
"function foo() {
	return (bar as string).lastIndexOf(\\"foo\\");
}"
`;

exports[`prefer-array-index-of > invalid > values.findIndex((x => x === (0, "foo"))) 1`] = `"values.indexOf((0, \\"foo\\"))"`;

exports[`prefer-array-index-of > invalid > values.findIndex(function (x) {return x === "foo";}) 1`] = `"values.indexOf(\\"foo\\")"`;

exports[`prefer-array-index-of > invalid > values.findIndex(x => "foo" === x) 1`] = `"values.indexOf(\\"foo\\")"`;

exports[`prefer-array-index-of > invalid > values.findIndex(x => {return x === "foo";}) 1`] = `"values.indexOf(\\"foo\\")"`;

exports[`prefer-array-index-of > invalid > values.findIndex(x => x === "foo") 1`] = `"values.indexOf(\\"foo\\")"`;

exports[`prefer-array-index-of > invalid > values.findIndex(x => x === (0, "foo")) 1`] = `"values.indexOf((0, \\"foo\\"))"`;

exports[`prefer-array-index-of > invalid > values.findIndex(x => x === foo()) 1`] = `"values.findIndex(x => x === foo())"`;

exports[`prefer-array-index-of > invalid > values.findLastIndex((x => x === (0, "foo"))) 1`] = `"values.lastIndexOf((0, \\"foo\\"))"`;

exports[`prefer-array-index-of > invalid > values.findLastIndex(function (x) {return x === "foo";}) 1`] = `"values.lastIndexOf(\\"foo\\")"`;

exports[`prefer-array-index-of > invalid > values.findLastIndex(x => "foo" === x) 1`] = `"values.lastIndexOf(\\"foo\\")"`;

exports[`prefer-array-index-of > invalid > values.findLastIndex(x => {return x === "foo";}) 1`] = `"values.lastIndexOf(\\"foo\\")"`;

exports[`prefer-array-index-of > invalid > values.findLastIndex(x => x === "foo") 1`] = `"values.lastIndexOf(\\"foo\\")"`;

exports[`prefer-array-index-of > invalid > values.findLastIndex(x => x === (0, "foo")) 1`] = `"values.lastIndexOf((0, \\"foo\\"))"`;

exports[`prefer-array-index-of > invalid > values.findLastIndex(x => x === foo()) 1`] = `"values.findLastIndex(x => x === foo())"`;
