// Vitest Snapshot v1, https://vitest.dev/guide/snapshot.html

exports[`prefer-array-flat-map > prefer-array-flat-map > invalid > const bar = (([1,2,3].map(i => [i]))).flat() 1`] = `"const bar = (([1,2,3].flatMap(i => [i])))"`;

exports[`prefer-array-flat-map > prefer-array-flat-map > invalid > const bar = [[1],[2],[3]].map(i => [i]).flat() 1`] = `"const bar = [[1],[2],[3]].flatMap(i => [i])"`;

exports[`prefer-array-flat-map > prefer-array-flat-map > invalid > const bar = [[1],[2],[3]].map(i => [i]).flat(1,) 1`] = `"const bar = [[1],[2],[3]].flatMap(i => [i])"`;

exports[`prefer-array-flat-map > prefer-array-flat-map > invalid > const bar = [1,2,3].map((i) => [i]).flat() 1`] = `"const bar = [1,2,3].flatMap((i) => [i])"`;

exports[`prefer-array-flat-map > prefer-array-flat-map > invalid > const bar = [1,2,3].map((i) => { return [i]; }).flat() 1`] = `"const bar = [1,2,3].flatMap((i) => { return [i]; })"`;

exports[`prefer-array-flat-map > prefer-array-flat-map > invalid > const bar = [1,2,3].map(foo).flat() 1`] = `"const bar = [1,2,3].flatMap(foo)"`;

exports[`prefer-array-flat-map > prefer-array-flat-map > invalid > const bar = [1,2,3].map(i => [i]).flat() 1`] = `"const bar = [1,2,3].flatMap(i => [i])"`;

exports[`prefer-array-flat-map > prefer-array-flat-map > invalid > const bar = [1,2,3].map(i => [i]).flat(1); 1`] = `"const bar = [1,2,3].flatMap(i => [i]);"`;

exports[`prefer-array-flat-map > prefer-array-flat-map > invalid > const bar = [1,2,3].map(i => i).map(i => [i]).flat() 1`] = `"const bar = [1,2,3].map(i => i).flatMap(i => [i])"`;

exports[`prefer-array-flat-map > prefer-array-flat-map > invalid > const bar = [1,2,3].sort().map(i => [i]).flat() 1`] = `"const bar = [1,2,3].sort().flatMap(i => [i])"`;

exports[`prefer-array-flat-map > prefer-array-flat-map > invalid > let bar = [1,2,3]
\\u0009.map(i => { return [i]; })
\\u0009.flat(); 1`] = `
"let bar = [1,2,3]
	.flatMap(i => { return [i]; });"
`;

exports[`prefer-array-flat-map > prefer-array-flat-map > invalid > let bar = [1,2,3] . map( x => y ) . flat () // ğŸ¤ª 1`] = `"let bar = [1,2,3] . flatMap( x => y ) // ğŸ¤ª"`;

exports[`prefer-array-flat-map > prefer-array-flat-map > invalid > let bar = [1,2,3].map(i => {
\\u0009return [i];
})
.flat(); 1`] = `
"let bar = [1,2,3].flatMap(i => {
	return [i];
});"
`;

exports[`prefer-array-flat-map > prefer-array-flat-map > invalid > let bar = [1,2,3].map(i => {
\\u0009return [i];
}) // comment
.flat(); // other 1`] = `
"let bar = [1,2,3].flatMap(i => {
	return [i];
}); // other"
`;

exports[`prefer-array-flat-map > prefer-array-flat-map > invalid > let bar = [1,2,3].map(i => {
\\u0009return [i];
}) // comment
.flat(); 1`] = `
"let bar = [1,2,3].flatMap(i => {
	return [i];
});"
`;

exports[`prefer-array-flat-map > prefer-array-flat-map > invalid > let bar = [1,2,3].map(i => {
\\u0009return [i];
}).flat(); 1`] = `
"let bar = [1,2,3].flatMap(i => {
	return [i];
});"
`;

exports[`prefer-array-flat-map > prefer-array-flat-map > invalid > let bar = [1,2,3].map(i => { return [i]; })
\\u0009.flat(); 1`] = `"let bar = [1,2,3].flatMap(i => { return [i]; });"`;
